[31mCRITICAL[0m [2026-05-20 14:18:23] -- Securite : Tentative d'accès au fichier de log par Gates Bill avec le rôle admin
[31mCRITICAL[0m [2026-05-20 14:18:36] -- Securite : Tentative d'accès au fichier de log par Gates Bill avec le rôle admin
[38;5;208mWARNING [0m [2026-05-19 17:15:39] -- Securite : Tentative d'accès au fichier de log parCostanzo avec le rôle Cuisinier
[38;5;208mWARNING [0m [2026-05-19 17:16:01] -- Securite : Tentative d'accès au fichier de log parCostanzo avec le rôle Cuisinier
[38;5;208mWARNING [0m [2026-05-19 17:16:10] -- Securite : Tentative d'accès au fichier de log parCostanzo avec le rôle Cuisinier
[38;5;208mWARNING [0m [2026-05-19 17:16:28] -- Securite : Tentative d'accès au fichier de log parCostanzo avec le rôle Cuisinier
[38;5;208mWARNING [0m [2026-05-19 18:59:47] -- Accès non autorisé à profil_client.php
[33mINFO    [0m [2026-05-20 10:25:54] -- Connexion : Mot de passe incorrect de client1@gmail.com
[33mINFO    [0m [2026-05-20 10:26:14] -- Connexion : Mot de passe incorrect de client1@gmail.com
[33mINFO    [0m [2026-05-20 10:27:14] -- Connexion : Mot de passe incorrect de client1@gmail.com
[33mINFO    [0m [2026-05-20 10:27:23] -- Connexion : Mot de passe incorrect de client1@gmail.com
[33mINFO    [0m [2026-05-20 10:27:30] -- Connexion : Mot de passe incorrect de client1@gmail.com
[33mINFO    [0m [2026-05-20 10:44:57] -- Connexion : Mot de passe incorrect de client1@gmail.com
[33mINFO    [0m [2026-05-20 10:45:06] -- Connexion : Mot de passe incorrect de client1@gmail.com
[33mINFO    [0m [2026-05-20 10:45:10] -- Connexion : Mot de passe incorrect de client1@gmail.com
[33mINFO    [0m [2026-05-20 10:45:17] -- Connexion : Mot de passe incorrect de client1@gmail.com
[33mINFO    [0m [2026-05-20 10:45:21] -- Connexion : Mot de passe incorrect de client1@gmail.com
[38;5;208mWARNING [0m [2026-05-20 10:45:21] -- Connexion : 5 tentatives échouées de client1@gmail.com. Compte temporairement bloqué
[31mCRITICAL[0m [2026-05-20 13:18:38] -- Securite : Tentative d'accès au fichier de log parGates avec le rôle admin
[31mCRITICAL[0m [2026-05-20 13:19:49] -- Securite : Tentative d'accès au fichier de log par GatesBill avec le rôle admin
[31mCRITICAL[0m [2026-05-20 13:20:10] -- Securite : Tentative d'accès au fichier de log par Gates Bill avec le rôle admin
[31mCRITICAL[0m [2026-05-20 14:09:04] -- Securite : Tentative d'accès au fichier de log par Gates Bill avec le rôle admin
[31mCRITICAL[0m [2026-05-20 14:09:05] -- Securite : Tentative d'accès au fichier de log par Gates Bill avec le rôle admin
